// Jest Snapshot v1, https://goo.gl/fbAQLP

exports[`renders correctly when there are no items 1`] = `
<div
  className="header-search-box header-search-box-closed"
>
  <div
    className="close-button"
  >
    <a
      className="js-toggle-search"
      data-target="#header-search-box"
    >
      <i
        className="icon-close"
      />
    </a>
  </div>
  <div
    className="content-block-header"
  >
    <h3
      className="slogan-header"
    >
      <span
        className="slogan"
      >
        Find your table for any occasion
      </span>
    </h3>
  </div>
  <div>
    <form
      autoComplete="off"
      className="dtp-picker-form"
    >
      <div
        className="picker-selectors-container"
      >
        <div
          className="party-size-container"
        >
          <a
            className="select-label dtp-picker-selector-link"
            tabIndex="-1"
          >
            2 People
          </a>
          <select
            className="party-size-selector"
            onChange={[Function]}
          >
            <option
              value={1}
            >
              1
               People
            </option>
            <option
              value={2}
            >
              2
               People
            </option>
            <option
              value={3}
            >
              3
               People
            </option>
            <option
              value={4}
            >
              4
               People
            </option>
            <option
              value={5}
            >
              5
               People
            </option>
            <option
              value={6}
            >
              6
               People
            </option>
            <option
              value={7}
            >
              7
               People
            </option>
            <option
              value={8}
            >
              8
               People
            </option>
            <option
              value={9}
            >
              9
               People
            </option>
            <option
              value={10}
            >
              10
               People
            </option>
            <option
              value={11}
            >
              11
               People
            </option>
            <option
              value={12}
            >
              12
               People
            </option>
            <option
              value={13}
            >
              13
               People
            </option>
            <option
              value={14}
            >
              14
               People
            </option>
            <option
              value={15}
            >
              15
               People
            </option>
            <option
              value={16}
            >
              16
               People
            </option>
            <option
              value={17}
            >
              17
               People
            </option>
            <option
              value={18}
            >
              18
               People
            </option>
            <option
              value={19}
            >
              19
               People
            </option>
            <option
              value={20}
            >
              20
               People
            </option>
            <option
              value="Large party"
            >
              Large Party
            </option>
          </select>
        </div>
        <div
          className="date-container"
          onClick={[Function]}
        >
          <a
            className="dtp-picker-selector-link date-label-closed dtp-picker-label"
          >
            May 21, 2020
          </a>
          <input
            className="datepicker-closed dtp-picker-select picker__input"
          />
          <div
            className="datepicker-closed"
          />
        </div>
        <div
          className="time-container"
        >
          <a
            className="select-label dtp-picker-selector-link"
            tabIndex="-1"
          >
            1:00 PM
          </a>
          <select
            aria-label="time"
            className="time-selector"
            name="Select_0"
            onChange={[Function]}
          >
            <option
              value="13:00 PM"
            >
              1
              :00 PM
            </option>
            <option
              value="13:30 PM"
            >
              1
              :30 PM
            </option>
            <option
              value="14:00 PM"
            >
              2
              :00 PM
            </option>
            <option
              value="14:30 PM"
            >
              2
              :30 PM
            </option>
            <option
              value="15:00 PM"
            >
              3
              :00 PM
            </option>
            <option
              value="15:30 PM"
            >
              3
              :30 PM
            </option>
            <option
              value="16:00 PM"
            >
              4
              :00 PM
            </option>
            <option
              value="16:30 PM"
            >
              4
              :30 PM
            </option>
            <option
              value="17:00 PM"
            >
              5
              :00 PM
            </option>
            <option
              value="17:30 PM"
            >
              5
              :30 PM
            </option>
            <option
              value="18:00 PM"
            >
              6
              :00 PM
            </option>
            <option
              value="18:30 PM"
            >
              6
              :30 PM
            </option>
            <option
              value="19:00 PM"
            >
              7
              :00 PM
            </option>
            <option
              value="19:30 PM"
            >
              7
              :30 PM
            </option>
            <option
              value="20:00 PM"
            >
              8
              :00 PM
            </option>
            <option
              value="20:30 PM"
            >
              8
              :30 PM
            </option>
            <option
              value="21:00 PM"
            >
              9
              :00 PM
            </option>
            <option
              value="21:30 PM"
            >
              9
              :30 PM
            </option>
            <option
              value="22:00 PM"
            >
              10
              :00 PM
            </option>
            <option
              value="22:30 PM"
            >
              10
              :30 PM
            </option>
            <option
              value="23:00 PM"
            >
              11
              :00 PM
            </option>
            <option
              value="23:30 PM"
            >
              11
              :30 PM
            </option>
          </select>
        </div>
      </div>
      <div
        className="picker-search-container autocomplete"
      >
        <div
          className="search-icon"
        />
        <span
          className="twitter-typehead"
        >
          <div
            aria-expanded={false}
            aria-haspopup="listbox"
            aria-owns="react-autowhatever-1"
            className="react-autosuggest__container"
            role="combobox"
          >
            <input
              aria-activedescendant={null}
              aria-autocomplete="list"
              aria-controls="react-autowhatever-1"
              autoComplete="off"
              className="react-autosuggest__input"
              dir="auto"
              id="dtp-search-single-box"
              name="searchText"
              onBlur={[Function]}
              onChange={[Function]}
              onFocus={[Function]}
              onKeyDown={[Function]}
              placeholder="Location, Restaurant, or Cuisine"
              spellCheck="false"
              style={
                Object {
                  "backgrounColor": "transparent",
                  "position": "relative",
                  "verticalAlign": "top",
                }
              }
              type="text"
              value=""
            />
            <div
              className="react-autosuggest__suggestions-container"
              id="react-autowhatever-1"
              role="listbox"
            />
          </div>
        </span>
      </div>
      <input
        className="button dtp-picker-button"
        data-test="search-in-header-dtp-submit"
        type="submit"
        value="Find a Table"
      />
    </form>
  </div>
</div>
`;
